// Jest Snapshot v1, https://goo.gl/fbAQLP

exports[`NotesSubtitle default render 1`] = `
<div>
  <div
    class="Picasso-root"
  >
    <div
      class="PicassoContainer-bottomsmallMargin"
    >
      <p
        class="MuiTypography-root PicassoTypography-bodySmall PicassoTypography-darkGrey MuiTypography-body1"
      >
        subtitle
      </p>
    </div>
  </div>
</div>
`;
