// Jest Snapshot v1, https://goo.gl/fbAQLP

exports[`DrilldownMenuItem renders 1`] = `
<div>
  <div
    class="Picasso-root"
  >
    <div
      class="Picasso-root"
    >
      <li
        aria-disabled="false"
        class="MuiButtonBase-root MuiListItem-root MuiMenuItem-root PicassoMenuListItem-root PicassoMenuListItem-light MuiMenuItem-gutters MuiListItem-gutters MuiListItem-button"
        data-testid="item"
        role="menuitem"
        tabindex="-1"
      >
        <div
          class="PicassoContainer-flex PicassoContainer-column PicassoMenuListItem-content"
        >
          <div
            class="PicassoContainer-centerAlignItems PicassoContainer-flex"
          >
            <span
              class="PicassoMenuListItem-stringContent"
            >
              Item
            </span>
          </div>
        </div>
      </li>
    </div>
  </div>
</div>
`;
