// Jest Snapshot v1, https://goo.gl/fbAQLP

exports[`Notes default render 1`] = `
<div>
  <div
    class="Picasso-root"
  >
    <div
      class="PicassoContainer-bottommediumMargin makeStyles-root"
    >
      <div
        class="PicassoContainer-spaceBetweenJustifyContent PicassoContainer-flex makeStyles-inner"
      >
        <div
          class=""
        >
          <div
            class="makeStyles-root"
          >
            <h4
              class="MuiTypography-root PicassoTypography-headingSmall MuiTypography-h4"
            >
              Title
            </h4>
          </div>
          <div
            class="PicassoContainer-bottomsmallMargin PicassoContainer-flex"
          >
            <p
              class="MuiTypography-root PicassoTypography-bodySmall PicassoTypography-darkGrey MuiTypography-body1"
            >
              Subtitle
            </p>
          </div>
          <p
            class="MuiTypography-root PicassoTypography-bodyMedium PicassoTypography-black MuiTypography-body1"
          >
            Content
          </p>
        </div>
      </div>
    </div>
  </div>
</div>
`;
